Xoi, Xoi, Xoi, Xoi, Xoi, Xoi, Xoi, Xoi, Xoi, Xoi, Xoi, Xoi, Xoa, Xoa, Xoa, Xu, Xor, Xu, Xu, Xu, Xue, Xue, Qxua, Qxua, Qxua, Qxua, Qxua
Xoi, Xoi, Xoi, Xoi, Xoi, Xoi, Xoi, Xoi, Xuc, Xor, Xor, Xoa, Isa, Isa, Isa, Xoa, Isa, Xoa, Xoa, Xoa, Qxua, Qxua, Qxua, Qxua, Qxua, Qxua, Qxua
Xoi, Xoi, Xoi, Xoi, Xoi, Xoi, Xuc, Xuc, Isa, Isa, Uu^Vu, Isa, Isa^Edb, Isa^Edb, Isa, Isa, Uu^Vu, Isa^Es, Isa^Es, Qxua, Qxua, Qxua, Qxua, Qxua, Qxua, Qxua, Qxua
Xoi, Xoi, Xoi, Xoi, Xor, Xuc, Isa, Isa, Qxu, Isa, Isa, Isa, Cud^Edb, Cud^Edb, Cud^Edb, Isa, Isa, Isa^Es, Qxu, Isa^Dr, Isa^Es, Qxua, Qxua, Qxua, Xue, Qxua, Qxua
Xoi, Xoi, Xoi, Xoi, Qxu, Xor, Uhe, Isa^Edt, Isa^Edt, Qxu, Isa, Isa^Eb, Cud, 2 Kud^Edb, Cud^Edb, Isa^Eb, Isa, Isa, Qxu, Isa^Es, Isa^Edb, Qxua, Xor, Xue, Xoi, Xue, Xue
Xoi, Xoi, Xoi, Xoi, Qxu, Qxu, Uhe, Uhe^Edt, Isa^Edt, Qxu, Uu^Vu, Isa, Isa, Cud^Edb, Isa^Edb, Isa, Uu^Vu, Qxu, Isa^Edb, Isa^Edb, Isa^Edb, Xor, Xoi, Xoi, Xoi, Xoi, Xoi
Xoi, Xoi, Urc, Qxu, Qxu, Qxu, Uhe^Dr, Uhe^Edt, Isa^Edb, Isa, Isa, Isa, Isa, Isa^Eb, Isa, Isa, Uhe, Uhe, Isa, Uhe^Edb, Uhe^Edb, Xuc, Xoi, Xoi, Xoi, Xoi, Xoi
Xoi, Xoi, Urb, Qxu, Qxu, Qxu, Qxu, Qxu, Isa^Edb, Isa^Edb, Isa^Edb, Xu, Xu, Xu, Xu, Xu, Isa, Isa, Isa^Edt, Xuc, Xuc, Xuc, Xoi, Xoi, Xoi, Xoi, Xoi
Xoi, Xoi, Urb, Xoi, Xoi, Xoi, Xoi, Uhe, Isa, Uhe^Edb, Isa^Edb, Isa^Edb, Isa, Isa^Eb, Isa^Edb, Isa, Uhe^Es, Uhe^Es, Isa^Edt, Isa^Edt, Xuc, Xoi, Xoi, Xoi, Xoi, Xoi, Xoi
Xoi, Xoi, Urb, Xoi, Xoi, Xoi, Xoi, Uhe, Isa^Es, Qxu, Isa, Uhe^Edb, Uhe, Isa^Edb, Isa^Edb, Isa, Qxua, Qxua, Isa^Edt, Uhe^Edt, Xoa, Xoi, Xoi, Xoi, Xoi, Xoi, Xoi
Xoi, Xoi, Xoi, Urb, Urb, Xoi, Xoi, Isa, Isa^Es, Isa, Xue, Xue, Uhe, Isa, Xoa, Isa, Uu^Vu, Qxua, Uhe, Uhe, Xoi, Xoi, Xof, Xoi, Xoi, Xoi, Xoi
Xoi, Xoi, Xoi, Xoi, Xoi, Urb, Urb, Xoi, Uu^Vu, Isa, Xue, Uhe, Uhe, Isa, Xoa, Uh, Isa^Edb, Isa, Uu^Tf, Xoi, Xof, Xof, Ur, Xof, Xof, Xoi, Xoi
Xoi, Xoi, Xoi, Xoi, Xoi, Xoi, Xoi, Xoi, Xoi, Isa, Isa, Isa, Xoa, Xoi, Xoi, Xoa, Isa^Edb, Isa, Xoi, Xof, Ur, Ur, Urc, Ur, Ur, Xof, Xoi
Xoi, Xoi, Xoi, Xoi, Xoi, Xoi, Xuc, Xoi, Xuc, Uu^Tf, Isa^Es, Isa, Xoa, Xoa, Xor, Xor, Isa^Edb, Isa, Xuc, Xof, Ur, Ur, Ur, Ur, Xof, Xof, Xoi
Xoi, Xoi, Xoi, Xoi, Xue, Xue, Uhe, Xuc, Isa, Isa^Es, Ur^Es, Isa, Ur, Uu, Uu^Tf, Ur, Ur^Edb, Isa^Edb, Isa^Edb, Rr^Pr\, Xuc, Xof, Xuc, Xof, Xoi, Xoi, Xoi
Xoi, Xoi, Xue, Xue, Xue, Uu^Tf, Ur, Uu^Tf, Uu^Tf, Ur^Es, Ww, Ww, Ww, Uu^Tf, Ww, Ww, Ww, Isa^Edb, Isa, Isa, Isa, Xuc, Isa, Xoa, Xue, Xoi, Xoi
Xoi, Xue, Wo, Wo, Wo, Ur, Ww^Bsb\, Ww, Ww, Ww, Wo, Wo, Wo, Ww, Wo, Wo, Wo, Ww, Ww, Ww, Ww^Bsb/, Isa, Wo, Xor, Wo^Dr, Xue, Xoi
Xoi, Xor, Xor, Xor, Ur^Edb, Ww^Edb, Uu^Tf, Ur, Uu^Tf, Ww, Ww, Wo, Ww, Wo, Ww, Wo, Ww, Ww, Uu^Tf, Ur, Ur^Edt, Ww, Ur^Edt, Wo^Dr, Xue, Xor, Xoi
Xor, Xor, Xoi, Xor, Ur^Edb, Ur^Edb, Uu^Vu, Ur, Ur, Uu^Tf, Uu^Tf, Ww, Uu^Tf, Ww, Uu^Tf, Ww, Uu^Tf, Uu^Tf, Ur^Edt, Ur^Edt, Uu^Vu, Ur^Edt, Ur^Edt, Xor, Xor, Xor, Xor
Xor, Xor, Xof, Xof, Rr^Pr\, Ur, Ur, Uu^Tf, Uu^Tf, Ur, Xu, Uu^Tf, Xu, Uu^Tfi, Xu, Uu^Tf, Xu, Ur, Ur^Edt, Ur^Edt, Uu^Tf, Uu^Tf, Xor, Xor, Xor, Xor, Xoi
Xor, Xor, Xof, Ur, Xof, Xor, Xor, Xor, Uu^Tf, Ur^Dr, Ur^Es, Xu, Xu, Xu, Xu, Xu, Uhe, Ur, Ur, Xor, Xor, Xor, Xor, Xor, Xor, Xor, Xoi
Xor, Xof, Ur, Ur, Ur, Xof, Xor, Ur, Xu, Ur^Es, Ur^Es, Ur, Ur, Uu^Vu, Ur, Uhe^Es, Ur^Es, Ur^Es, Xu, Uhe, Xor, Xoi, Xor, Xor, Xor, Xor, Xoi
Xor, Xof, Ur, Ur, Ur, Xof, Xor, Ur^Eb, Ur, Ur, Ur, Ur, Cud, Uu^Ii, Cud, Ur^Edt, Ur^Edt, Ur^Es, Uhe, Uhe^Eb, Xor, Xor, Xor, Xor, Xor, Xor, Xoi
Xor, Xof, Ur, Urc, Ur, Xof, Xoi, Xor, Xor, Uu^Vu, Uhe, Ur, Cud, 1 Kud, Cud, Ur^Edt, Ur^Edt, Uu^Vu, Xor, Xor, Xor, Xor, Xor, Xor, Xor, Xor, Xoi
Xor, Xof, Xof, Ur, Xof, Xof, Xor, Xor, Xoi, Xor, Uhe, Uhe, Uhe, Cud, Uhe^Edt, Uhe^Edt, Uhe^Edt, Xor, Xoi, Xor, Xor, Xor, Xor, Xor, Xoi, Xor, Xoi
Xor, Xor, Xor, Xof, Xor, Xor, Xor, Xor, Xor, Xor, Xor, Xor, Xor, Uhe, Xor, Xor, Xor, Xor, Xoi, Xoi, Xoi, Xor, Xoi, Xor, Xoi, Xoi, Xoi
Xoi, Xor, Xor, Xor, Xor, Xor, Xor, Xor, Xor, Xor, Xoi, Xor, Xoi, Uhe, Xor, Xor, Xor, Xor, Xor, Xor, Xoi, Xor, Xor, Xor, Xor, Xor, Xoi
